Microsoft (R) Macro Assembler Version 6.14.8444		    05/28/15 21:01:58
lab_11_4.asm						     Page 1 - 1


				;lab_11_4.asm
				;编写程序atod实现字符串转换为有符号十进制数的功能，用堆栈实现参数的传递。
				.386
				.model flat,stdcall
				.stack 4096
				public atod
				extern CONST:dword	
 00000000			.data
 00000000 00000000		    flag    dword   ?

 00000000			.code
 00000000			atod    proc
 00000000  55			        push    ebp
 00000001  8B EC		        mov     ebp,esp
 00000003  8B 5D 08		        mov     ebx,[ebp+8]
 00000006  80 3B 2D		        cmp     byte ptr[ebx],'-'               ;判断字符串首字母是否为'-'
 00000009  75 0B		        jne     S1
 0000000B  43			        inc     ebx
 0000000C  C7 05 00000000 R	        mov     flag,1
	   00000001
 00000016			S1:
 00000016  BA 00000000		        mov     edx,0
 0000001B  B8 00000000		        mov     eax,0
 00000020  8A 13		while1: mov     dl,[ebx]
 00000022  80 FA 00		        cmp     dl,0
 00000025  74 10		        je      endwhile1
 00000027  52			        push    edx
 00000028  F7 25 00000000 E	        mul     CONST
 0000002E  5A			        pop     edx
 0000002F  83 EA 30		        sub     edx,30h
 00000032  03 C2		        add     eax,edx
 00000034  43			        inc     ebx
 00000035  EB E9		        jmp     while1
 00000037			endwhile1:
 00000037  83 3D 00000000 R	        cmp     flag,1
	   01
 0000003E  75 02		        jne     S2
 00000040  F7 D8		        neg     eax
 00000042			S2:
 00000042  5D			        pop     ebp
 00000043  C2 0004		        ret     4
 00000046			atod    endp
				end
Microsoft (R) Macro Assembler Version 6.14.8444		    05/28/15 21:01:58
lab_11_4.asm						     Symbols 2 - 1




Segments and Groups:

                N a m e                 Size     Length   Align   Combine Class

FLAT . . . . . . . . . . . . . .	GROUP
STACK  . . . . . . . . . . . . .	32 Bit	 00001000 DWord	  Stack	  'STACK'	 
_DATA  . . . . . . . . . . . . .	32 Bit	 00000004 DWord	  Public  'DATA'	
_TEXT  . . . . . . . . . . . . .	32 Bit	 00000046 DWord	  Public  'CODE'	


Procedures,  parameters and locals:

                N a m e                 Type     Value    Attr

atod . . . . . . . . . . . . . .	P Near	 00000000 _TEXT	Length= 00000046 Public STDCALL
  S1 . . . . . . . . . . . . . .	L Near	 00000016 _TEXT	
  while1 . . . . . . . . . . . .	L Near	 00000020 _TEXT	
  endwhile1  . . . . . . . . . .	L Near	 00000037 _TEXT	
  S2 . . . . . . . . . . . . . .	L Near	 00000042 _TEXT	


Symbols:

                N a m e                 Type     Value    Attr

@CodeSize  . . . . . . . . . . .	Number	 00000000h   
@DataSize  . . . . . . . . . . .	Number	 00000000h   
@Interface . . . . . . . . . . .	Number	 00000003h   
@Model . . . . . . . . . . . . .	Number	 00000007h   
@code  . . . . . . . . . . . . .	Text   	 _TEXT
@data  . . . . . . . . . . . . .	Text   	 FLAT
@fardata?  . . . . . . . . . . .	Text   	 FLAT
@fardata . . . . . . . . . . . .	Text   	 FLAT
@stack . . . . . . . . . . . . .	Text   	 FLAT
CONST  . . . . . . . . . . . . .	DWord	 00000000 FLAT	External STDCALL
flag . . . . . . . . . . . . . .	DWord	 00000000 _DATA	

	   0 Warnings
	   0 Errors
