Microsoft (R) Macro Assembler Version 6.14.8444		    05/08/15 11:05:02
C:\masm32\lab_exercise_6_3.asm				     Page 1 - 1


				;lab_exercise_6_3.asm
				;C=£¨5/9£©*(F-32)

				.386
				.model flat,stdcall
				.stack 4096
 00000000			.data
 00000000 00000000		    C1   dword   ?
 00000004 0000001E		    F   dword   30

 00000000			.code
 00000000			start:
 00000000  A1 00000004 R	    mov     eax,F
 00000005  83 E8 20		    sub     eax,32
 00000008  6B C0 05		    imul    eax,5
 0000000B  66| 99		    cwd
 0000000D  66| BB 0009		    mov     bx,9
 00000011  66| F7 FB		    idiv    bx
 00000014  A3 00000000 R	    mov     C1,eax
 00000019  F7 D8		    neg     eax

 0000001B  C3			ret
 0000001C			end start
Microsoft (R) Macro Assembler Version 6.14.8444		    05/08/15 11:05:02
C:\masm32\lab_exercise_6_3.asm				     Symbols 2 - 1




Segments and Groups:

                N a m e                 Size     Length   Align   Combine Class

FLAT . . . . . . . . . . . . . .	GROUP
STACK  . . . . . . . . . . . . .	32 Bit	 00001000 DWord	  Stack	  'STACK'	 
_DATA  . . . . . . . . . . . . .	32 Bit	 00000008 DWord	  Public  'DATA'	
_TEXT  . . . . . . . . . . . . .	32 Bit	 0000001C DWord	  Public  'CODE'	


Procedures,  parameters and locals:

                N a m e                 Type     Value    Attr

$$$00001 . . . . . . . . . . . .	P Near	 00000000 _TEXT	Length= 0000001C Private STDCALL


Symbols:

                N a m e                 Type     Value    Attr

@CodeSize  . . . . . . . . . . .	Number	 00000000h   
@DataSize  . . . . . . . . . . .	Number	 00000000h   
@Interface . . . . . . . . . . .	Number	 00000003h   
@Model . . . . . . . . . . . . .	Number	 00000007h   
@code  . . . . . . . . . . . . .	Text   	 _TEXT
@data  . . . . . . . . . . . . .	Text   	 FLAT
@fardata?  . . . . . . . . . . .	Text   	 FLAT
@fardata . . . . . . . . . . . .	Text   	 FLAT
@stack . . . . . . . . . . . . .	Text   	 FLAT
C1 . . . . . . . . . . . . . . .	DWord	 00000000 _DATA	
F  . . . . . . . . . . . . . . .	DWord	 00000004 _DATA	
start  . . . . . . . . . . . . .	L Near	 00000000 _TEXT	Public STDCALL

	   0 Warnings
	   0 Errors
