Microsoft (R) Macro Assembler Version 6.14.8444		    05/15/15 10:23:09
C:\masm32\lab_7_1.asm					     Page 1 - 1


				;lab_7_1.asm
				;编写程序求|X-Y|的绝对值，结果存入result单元。其中16位操作数x, y在程序中直接定义

				.386
				.model flat,stdcall
				.stack 4096
 00000000			.data
 00000000 000F			    x       word    15
 00000002 0011			    y       word    17
 00000004 0000			    result  word    ?

 00000000			.code
 00000000			start:
 00000000  66| A1		    mov     ax,x
	   00000000 R
 00000006  66| 2B 05		    sub     ax,y
	   00000002 R
 0000000D  79 03		    jns     L1
 0000000F  66| F7 D8		    neg     ax

 00000012			L1:
 00000012  66| A3		    mov     result,ax
	   00000004 R

 00000018  C3			ret
 00000019			end start
				    
Microsoft (R) Macro Assembler Version 6.14.8444		    05/15/15 10:23:09
C:\masm32\lab_7_1.asm					     Symbols 2 - 1




Segments and Groups:

                N a m e                 Size     Length   Align   Combine Class

FLAT . . . . . . . . . . . . . .	GROUP
STACK  . . . . . . . . . . . . .	32 Bit	 00001000 DWord	  Stack	  'STACK'	 
_DATA  . . . . . . . . . . . . .	32 Bit	 00000006 DWord	  Public  'DATA'	
_TEXT  . . . . . . . . . . . . .	32 Bit	 00000019 DWord	  Public  'CODE'	


Procedures,  parameters and locals:

                N a m e                 Type     Value    Attr

$$$00001 . . . . . . . . . . . .	P Near	 00000000 _TEXT	Length= 00000019 Private STDCALL
  L1 . . . . . . . . . . . . . .	L Near	 00000012 _TEXT	


Symbols:

                N a m e                 Type     Value    Attr

@CodeSize  . . . . . . . . . . .	Number	 00000000h   
@DataSize  . . . . . . . . . . .	Number	 00000000h   
@Interface . . . . . . . . . . .	Number	 00000003h   
@Model . . . . . . . . . . . . .	Number	 00000007h   
@code  . . . . . . . . . . . . .	Text   	 _TEXT
@data  . . . . . . . . . . . . .	Text   	 FLAT
@fardata?  . . . . . . . . . . .	Text   	 FLAT
@fardata . . . . . . . . . . . .	Text   	 FLAT
@stack . . . . . . . . . . . . .	Text   	 FLAT
L1 . . . . . . . . . . . . . . .	L Near	 00000012 _TEXT	
result . . . . . . . . . . . . .	Word	 00000004 _DATA	
start  . . . . . . . . . . . . .	L Near	 00000000 _TEXT	Public STDCALL
x  . . . . . . . . . . . . . . .	Word	 00000000 _DATA	
y  . . . . . . . . . . . . . . .	Word	 00000002 _DATA	

	   0 Warnings
	   0 Errors
