Microsoft (R) Macro Assembler Version 6.14.8444		    05/20/15 21:21:26
D:\masm32\lab_8_5.asm					     Page 1 - 1


				;编写程序将b_string 中存放的字符串表示的十进制无符号数据存入EAX寄存器
				;StringToInt

				.386
				.model flat,stdcall
				.stack 4096
 00000000			.data
 00000000 31 32 33 34 35	    b_string   byte    '123456',0
	   36 00
 00000007 00000000		    n       dword   ?
 0000000B 0000000A		    const   dword     10
 00000000			.code
 00000000			SToI    proc
 00000000  55			        push    ebp
 00000001  8B EC		        mov     ebp,esp
 00000003  BA 00000000		        mov     edx,0
 00000008  B8 00000000		        mov     eax,0
 0000000D  8A 13		while1: mov     dl,[ebx]
 0000000F  80 FA 00		        cmp     dl,0
 00000012  74 10		        je      endwhile1
 00000014  52			        push    edx
 00000015  F7 25 0000000B R	        mul     const
 0000001B  5A			        pop     edx
 0000001C  83 EA 30		        sub     edx,30h
 0000001F  03 C2		        add     eax,edx
 00000021  43			        inc     ebx
 00000022  EB E9		        jmp     while1
 00000024			endwhile1:
 00000024  5D			        pop     ebp
 00000025  C3			        ret
 00000026			SToI    endp
 00000026			start:
 00000026  BB 00000000 R	    mov     ebx,offset  b_string
 0000002B  E8 FFFFFFD0		    call    SToI
 00000030  A3 00000007 R	    mov     n,eax
 00000035  C3			ret
 00000036			end     start
Microsoft (R) Macro Assembler Version 6.14.8444		    05/20/15 21:21:26
D:\masm32\lab_8_5.asm					     Symbols 2 - 1




Segments and Groups:

                N a m e                 Size     Length   Align   Combine Class

FLAT . . . . . . . . . . . . . .	GROUP
STACK  . . . . . . . . . . . . .	32 Bit	 00001000 DWord	  Stack	  'STACK'	 
_DATA  . . . . . . . . . . . . .	32 Bit	 0000000F DWord	  Public  'DATA'	
_TEXT  . . . . . . . . . . . . .	32 Bit	 00000036 DWord	  Public  'CODE'	


Procedures,  parameters and locals:

                N a m e                 Type     Value    Attr

$$$00002 . . . . . . . . . . . .	P Near	 00000026 _TEXT	Length= 00000010 Private STDCALL
SToI . . . . . . . . . . . . . .	P Near	 00000000 _TEXT	Length= 00000026 Public STDCALL
  while1 . . . . . . . . . . . .	L Near	 0000000D _TEXT	
  endwhile1  . . . . . . . . . .	L Near	 00000024 _TEXT	


Symbols:

                N a m e                 Type     Value    Attr

@CodeSize  . . . . . . . . . . .	Number	 00000000h   
@DataSize  . . . . . . . . . . .	Number	 00000000h   
@Interface . . . . . . . . . . .	Number	 00000003h   
@Model . . . . . . . . . . . . .	Number	 00000007h   
@code  . . . . . . . . . . . . .	Text   	 _TEXT
@data  . . . . . . . . . . . . .	Text   	 FLAT
@fardata?  . . . . . . . . . . .	Text   	 FLAT
@fardata . . . . . . . . . . . .	Text   	 FLAT
@stack . . . . . . . . . . . . .	Text   	 FLAT
b_string . . . . . . . . . . . .	Byte	 00000000 _DATA	
const  . . . . . . . . . . . . .	DWord	 0000000B _DATA	
n  . . . . . . . . . . . . . . .	DWord	 00000007 _DATA	
start  . . . . . . . . . . . . .	L Near	 00000026 _TEXT	Public STDCALL

	   0 Warnings
	   0 Errors
